// switch.su — calculator operator dispatch via the LANGUAGE'S OWN
// `select` primitive, made exact by softmax saturation. This is Emma's
// approach: defuzzify/sharpen `select` enough and the branches stop
// blending. It is the intended switch — it uses Sutra's conditional-
// branching primitive rather than an arithmetic identity. Requires Sutra
// >= v0.6.1 (the `dot` builtin); the calc compiles it in float64
// (runtime_dtype, Sutra >= v0.6.2) for exact integers to 2^53.
//
// How it stays exact:
//   score_t = -1000 * (op - t)^2, read as a clean scalar via
//   dot(op - make_real(t), make_real(1)) — the dot with the real unit
//   zeroes every other axis (incl. axon-recovery noise), so the score is
//   exactly 0 at op=t and <= -1000 elsewhere. exp(-1000) underflows to
//   exactly 0.0 in BOTH float32 (underflow ~ -88) and float64 (~ -745),
//   so select's softmax is a TRUE one-hot: the matched branch passes
//   through and the others are killed by exact-zero weights (no blend).
//   The constant must clear float64's underflow point, or a zero result
//   (e.g. 1000-1000) picks up off-branch residue ~1e-47 and is refused.
//   A second select picks
//   the division denominator (b for op=/, else 1) so a zero denominator in
//   a killed branch can never produce nan. A genuine /0 (op=/, b=0) is a
//   domain error caught upstream by the host.
//
// Operators arrive as a real-axis code (0=+ 1=- 2=* 3=/) the host injects;
// which operation runs is decided HERE, on the substrate, not by a host
// `if`/dict. Operands are `complex` so `/` routes through complex_div; for
// real inputs every result lands on the real axis. Exact within the
// float32 exact-integer range (|value| < 2^24); bigger values need an
// arbitrary-precision digit encoding (planning/22 Stage 3, planning/23).
function vector on_axon(vector input_axon) {
    complex a = axon_item(input_axon, "a");
    complex b = axon_item(input_axon, "b");
    vector op = axon_item(input_axon, "op");

    vector u = real_number(1.0);
    scalar d0 = dot(op - real_number(0.0), u);
    scalar d1 = dot(op - real_number(1.0), u);
    scalar d2 = dot(op - real_number(2.0), u);
    scalar d3 = dot(op - real_number(3.0), u);

    scalar s0 = 0.0 - 1000.0 * d0 * d0;
    scalar s1 = 0.0 - 1000.0 * d1 * d1;
    scalar s2 = 0.0 - 1000.0 * d2 * d2;
    scalar s3 = 0.0 - 1000.0 * d3 * d3;

    vector one = real_number(1.0);
    complex denom = select([s0, s1, s2, s3], [one, one, one, b]);
    complex quot = a / denom;

    complex sum  = a + b;
    complex diff = a - b;
    complex prod = a * b;

    return select([s0, s1, s2, s3], [sum, diff, prod, quot]);
}
